5 900 1000 900 
1 2 4 6 8 10 9 7 5 3 
1 3 4 5 3 
1 2 3 6 7 30 32 42 43 23 
136 369 461 524 730 877 884 817 582 386 
