1 1 1 1 999 999 1000 999 
1 8 10 11 12 13 9 
1 25 50 130 70 
7 22 70 76 116 131 142 149 167 213 220 236 247 254 301 302 316 372 432 502 576 587 592 614 657 675 690 718 744 770 790 808 839 846 863 888 909 999 971 894 810 719 641 557 472 377 325 275 182 87 
3 4 7 7 8 9 8 5 
