36 42 142 146 170 282 293 300 323 334 335 383 392 422 437 448 465 468 492 501 539 665 668 674 704 706 712 717 719 725 772 812 828 870 895 896 903 962 963 996 1000 943 828 727 605 479 359 254 154 
1 1 1 2 
1 1 1 1 3 3 4 4 5 5 5 6 6 6 6 6 8 9 7 5 3 
1 100 102 103 104 105 106 107 101 
2 4 5 7 16 108 17 
