27 51 134 138 163 191 222 243 277 286 328 329 331 349 355 364 421 450 502 507 511 513 516 550 576 623 636 655 690 701 716 764 795 799 842 860 865 933 882 801 744 669 590 538 456 376 294 228 152 73 
121 176 181 186 328 354 372 376 431 444 485 503 544 552 634 638 660 681 754 760 783 797 847 866 924 975 869 731 597 480 339 208 
15 29 43 79 80 104 126 234 240 282 331 401 438 476 499 512 549 573 591 596 674 694 771 786 799 803 816 833 837 855 883 900 957 978 992 923 844 742 652 545 440 342 285 219 116 
54 55 75 148 218 224 261 262 266 274 274 336 339 350 352 367 422 428 479 487 499 511 541 586 600 639 666 681 734 772 780 815 872 885 926 997 975 894 834 767 685 616 538 458 386 324 250 170 120 
8 9 47 50 101 144 151 158 190 194 194 194 207 211 229 239 244 298 322 327 409 607 620 620 634 638 698 734 758 758 776 780 814 848 930 932 957 958 977 982 991 860 676 487 343 202 
