1 1 2 3 4 5 6 7 8 9 10 11 11 13 14 15 19 42 999 999 1000 500 
1 2 3 4 5 6 7 8 9 10 101 102 103 104 105 106 107 108 109 201 202 203 204 205 206 207 208 209 210 301 303 304 305 306 307 308 309 501 503 504 505 506 507 508 509 510 502 310 302 110 
10 20 30 40 50 70 80 90 100 120 130 140 150 170 180 190 200 220 230 240 250 270 280 290 300 320 330 340 350 370 380 390 400 420 430 440 450 470 480 530 490 460 410 360 310 260 210 160 110 60 
1 1 1 1 3 3 3 3 5 5 5 6 7 7 7 8 8 12 24 34 43 53 53 53 56 65 76 76 123 345 354 534 534 534 654 754 999 1000 756 564 354 234 
25 45 51 56 57 76 94 95 102 159 161 167 183 209 209 263 278 285 347 347 417 437 451 467 469 508 515 612 667 680 740 746 768 784 802 814 832 876 893 918 926 997 903 785 663 540 474 353 237 122 
