1 3 4 7 10 5 
1 2 3 4 5 6 7 8 9 10 11 12 13 14 15 16 17 18 19 20 21 22 23 24 25 26 27 28 29 981 983 984 985 986 987 988 989 990 991 992 993 994 995 996 997 998 999 1000 982 30 
1 2 3 4 5 25 36 37 38 58 59 60 67 69 68 48 35 15 
1 1 7 8 
1 1 1 1 1 1 1 1 1 1 1 1 1 1 1 1 1 1 1 1 1 1 1 1 1 1 1 1 1 1 1 1 1 1 1 1 1 1 1 1 1 1 1 1 1 1 1 1 1 1000 
