1 2 4 3 
1 500 1000 
1 3 5 7 4 
1 1 1 1 1 1 1 1 1 1 1 1 1 1 1 1 1 1 1 1 1 1 1 1 1 1 1 1 1 1 1 1 1 1 1 1 1 1 1 1 1 1 1 1 1 1 1 1 1 1 
4 4 5 5 9 13 24 25 31 45 45 45 45 51 54 54 54 62 65 75 123 134 134 234 234 234 312 345 345 345 354 452 452 453 453 456 523 523 523 523 523 543 845 999 1000 1000 923 653 523 235 
