10 31 138 143 186 204 218 237 281 304 325 333 383 410 411 460 475 487 488 489 506 532 563 564 572 580 586 591 607 694 730 738 747 749 849 927 940 945 996 952 869 818 722 616 516 417 337 272 165 68 
1 2 4 6 8 10 12 14 16 18 20 22 24 26 28 30 32 34 36 38 40 42 44 46 48 50 49 47 45 43 41 39 37 35 33 31 29 27 25 23 21 19 17 15 13 11 9 7 5 3 
1 200 500 500 600 500 
1 2 2 2 5 3 
1 2 3 4 7 4 
