2 3 4 5 6 6 6 7 8 8 8 9 634 649 695 707 722 744 757 763 770 807 814 839 891 908 974 641 12 
4 7 15 43 54 66 79 119 216 273 314 349 356 374 444 458 506 603 642 648 695 711 736 750 765 766 766 766 782 784 831 833 839 841 842 854 918 966 987 885 802 714 620 509 416 328 233 125 83 
10 32 36 46 47 913 922 927 928 930 932 935 942 943 948 955 960 961 966 971 974 978 980 984 990 994 995 920 47 
1 9 17 19 21 24 27 28 32 34 40 44 45 58 60 61 62 63 64 67 67 77 79 79 626 909 546 
10 34 74 125 154 161 194 195 199 277 284 296 304 308 310 311 362 396 427 433 436 438 462 543 564 592 662 671 874 894 894 894 894 894 905 916 918 920 923 926 930 958 962 972 980 877 677 603 403 210 
