2 3 36 47 60 167 217 258 279 300 317 334 343 389 404 427 437 460 476 481 514 533 550 577 581 585 606 629 670 675 747 759 832 848 895 920 946 981 993 950 863 784 718 638 561 454 352 266 170 103 
1 2 3 4 3 2 
8 73 75 76 113 119 126 217 269 326 329 402 405 406 410 414 444 478 486 501 505 525 535 585 589 603 617 625 670 771 796 801 864 890 950 960 967 981 982 919 829 733 637 538 447 375 285 219 165 77 
59 85 91 133 138 237 367 442 442 444 448 468 508 521 539 545 552 595 630 635 651 675 698 772 790 790 799 813 817 824 848 853 865 874 878 910 927 928 934 936 950 954 957 991 886 719 577 414 246 142 
1 2 4 6 8 10 9 7 5 3 
