18 40 105 606 787 373 
6 22 29 54 56 63 85 97 101 104 105 123 165 169 172 233 302 312 317 340 344 356 420 423 427 467 546 546 558 677 726 801 851 882 897 917 919 947 964 978 983 992 956 828 696 561 468 358 261 131 
2 4 8 44 82 87 107 114 116 116 126 128 130 137 152 160 183 188 197 224 235 248 299 300 303 322 338 353 360 363 940 947 948 953 960 962 967 981 982 984 985 989 989 993 996 997 998 1000 943 368 
4 23 32 34 61 65 79 87 99 130 146 196 231 237 830 835 842 846 852 852 855 859 860 866 877 892 914 918 920 926 926 937 945 952 958 960 961 964 973 979 994 996 831 239 
3 13 14 19 20 22 23 25 31 31 33 39 42 992 42 
