291 305 336 345 364 367 416 417 432 439 441 452 425 379 338 
373 380 382 388 390 400 409 412 422 425 425 430 437 439 442 473 481 485 496 496 505 509 511 513 534 537 537 538 551 552 554 557 557 564 567 574 576 581 583 586 588 589 573 542 516 491 463 432 403 
313 340 368 373 374 431 458 588 526 434 
215 377 400 418 454 492 508 378 
97 121 130 136 201 262 283 293 300 304 305 319 332 334 365 447 471 482 490 513 544 547 648 652 656 658 667 712 714 750 799 805 833 852 862 868 879 897 901 922 945 874 773 671 602 532 439 337 262 177 
