1 1 3 40 
2 6 10 26 117 147 152 161 220 222 224 269 336 342 344 349 372 406 426 452 462 528 529 556 570 586 616 623 704 740 826 900 932 944 949 952 972 992 916 840 752 728 640 558 467 388 298 227 137 54 
1 1 1 1 1 1 1 1 1 1 1 1 1 1 1 1 2 2 2 2 2 2 2 2 2 2 2 2 2 2 2 3 3 3 3 3 3 3 3 3 3 3 3 3 3 3 3 2 
1 108 164 169 169 190 223 256 256 262 301 310 330 363 366 393 397 427 484 508 529 551 592 624 675 700 705 710 711 743 843 847 862 876 917 920 929 932 933 944 972 980 868 752 635 549 431 351 236 119 
1 2 9 10 9 2 
