1 1 1 1 1 1 1 1 1 1 1 1 998 998 998 998 998 998 998 998 998 998 998 998 998 999 999 999 999 999 999 999 999 999 999 999 999 1000 1000 1000 1000 1000 1000 1000 1000 1000 1000 1000 1000 998 
1 1 2 3 4 4 4 5 5 6 7 7 8 9 9 9 10 11 11 11 983 988 989 992 994 995 985 11 
4 4 4 5 7 7 9 10 10 11 11 12 13 13 13 14 14 993 993 994 994 994 994 994 995 995 995 995 996 996 997 997 997 997 997 998 998 998 999 1000 1000 1000 1000 1000 1000 993 14 
9 16 22 28 50 56 61 70 79 130 134 141 160 161 166 175 198 200 213 213 228 229 246 305 311 314 321 323 336 341 358 372 383 388 397 400 406 406 408 413 418 421 431 374 316 259 237 178 121 62 
564 565 565 565 566 566 568 569 575 576 577 578 579 579 581 581 583 586 587 588 588 592 592 593 593 597 597 598 599 600 602 602 603 609 616 618 619 611 603 595 588 580 572 
