1 1 1 1 1 1 100 
1 2 5 7 8 10 9 6 3 
1 3 7 15 16 17 9 
1 2 2 2 3 3 4 23 32 123 123 123 191 293 321 321 345 345 432 439 456 654 832 999 659 332 
1 2 3 7 9 10 8 4 
