2 2 2 2 3 3 3 4 4 6 6 6 8 8 9 9 10 10 10 10 11 11 11 11 11 13 851 867 868 872 890 892 901 902 910 921 923 930 940 944 952 953 964 964 971 982 989 863 15 
65 75 78 128 138 178 206 269 294 296 297 383 420 590 625 630 641 669 674 690 722 776 782 785 797 798 805 806 808 887 916 922 972 982 946 786 611 431 387 208 
38 78 93 99 192 216 233 243 263 266 277 305 331 335 354 364 369 371 374 434 442 601 629 649 674 680 958 967 968 996 999 999 962 685 569 315 
81 122 286 294 310 312 315 335 396 481 481 494 521 536 545 565 572 578 589 643 657 658 671 684 697 707 709 711 717 767 781 781 831 856 860 861 879 882 933 959 972 975 990 999 897 746 600 439 288 127 
4 5 11 17 27 32 32 37 48 58 67 72 76 96 913 923 689 
