5 13 14 19 37 51 46 24 
1 2 3 4 5 6 50 7 
335 383 386 649 793 886 915 777 492 
1 2 3 9 10 12 13 14 11 5 
1 990 992 993 994 995 996 997 998 999 1000 991 
