48 52 245 314 322 324 351 393 398 446 456 458 472 491 500 539 564 574 584 589 611 702 734 748 833 846 855 980 981 981 993 999 899 750 590 405 244 
48 108 109 116 119 147 152 174 178 198 205 353 354 373 412 424 432 436 451 547 564 565 570 583 586 629 639 650 668 670 735 747 802 817 821 880 906 909 949 963 893 750 633 489 378 238 189 
42 109 112 114 142 155 186 187 192 199 245 248 269 280 294 296 387 400 415 458 468 531 532 566 570 609 619 653 688 738 820 825 875 895 911 988 997 997 918 830 745 682 596 512 430 360 289 200 125 
10 72 109 224 301 396 405 449 513 639 657 674 700 747 768 774 801 807 880 912 917 989 940 853 720 596 463 330 242 143 
7 15 47 103 128 146 175 177 199 209 229 250 301 375 384 464 521 567 637 741 742 774 794 833 898 902 972 976 995 867 729 575 457 308 160 
